---
source: tests/helpers/mod.rs
expression: self.backend

---
┌──────────────────────────────────────────────────┐
│[38;5;10m✔[39m [1mcheckbox[22m [38;5;8m·[39m [38;5;5m3: Choice 3, 9: Choice 9[39m             │
│[48;5;7m [49m                                                 │
│                                                  │
│                                                  │
│                                                  │
│                                                  │
│                                                  │
│                                                  │
│                                                  │
│                                                  │
│                                                  │
│                                                  │
│                                                  │
│                                                  │
│                                                  │
│                                                  │
│                                                  │
│                                                  │
│                                                  │
│                                                  │
└──────────────────────────────────────────────────┘
