---
source: tests/helpers/mod.rs
expression: self.backend
---
┌──────────────────────────────────────────────────┐
│[38;5;10m? [1m[39mmessage[22m [38;5;8m›[39m                                       │
│  1. Choice 0                                     │
│[38;5;8m  Separator 1[39m                                     │
│[38;5;8m  ──────────────[39m                                  │
│  2. Choice 3                                     │
│  3. Choice 4                                     │
│[38;5;8m  Separator 5[39m                                     │
│  4. Choice 6                                     │
│  5. Choice 7                                     │
│  6. Choice 8                                     │
│  7. Choice 9                                     │
│  Answer: 66[38;5;0m[48;5;7m [39m[49m                                     │
│                                                  │
│                                                  │
│                                                  │
│                                                  │
│                                                  │
│                                                  │
│                                                  │
│                                                  │
└──────────────────────────────────────────────────┘
