---
source: src/question/order_select/tests.rs
expression: backend
---
┌──────────────────────────────────────────────────┐
│     [38;5;10m? [1m[39mmessage[22m [38;5;8m(Press <space> to take and place an[39m│
│[38;5;8m option)[39m                                          │
│  19. 18                                          │
│  20. 19                                          │
│[38;5;6m❯  1. 0[39m                                           │
│   2. 1                                           │
│   3. 2                                           │
│   4. 3                                           │
│   5. 4                                           │
│   6. 5                                           │
│   7. 6                                           │
│   8. 7                                           │
│   9. 8                                           │
│  10. 9                                           │
│  11. 10                                          │
│  12. 11                                          │
│[38;5;8m(Move up and down to reveal more choices)[39m         │
│[38;5;0m[48;5;7m [39m[49m                                                 │
│                                                  │
│                                                  │
└──────────────────────────────────────────────────┘
