---
source: src/question/multi_select/tests.rs
expression: backend

---
┌──────────────────────────────────────────────────┐
│     [38;5;10m? [1m[39mmessage[22m [38;5;8m(Press <space> to select, <a> to to[39m│
│[38;5;8mggle all, <i> to invert selection)[39m                │
│  [38;5;8m  [39mChoice 0                                      │
│  [38;5;8mSeparator 1[39m                                     │
│  [38;5;8m──────────────[39m                                  │
│[38;5;6m❯ [38;5;8m  [38;5;6mChoice 3[39m                                      │
│  [38;5;8m  [39mChoice 4                                      │
│  [38;5;8mSeparator 5[39m                                     │
│  [38;5;8m  [39mChoice 6                                      │
│  [38;5;8m  [39mChoice 7                                      │
│  [38;5;8m  [39mChoice 8                                      │
│  [38;5;8m  [39mChoice 9                                      │
│  [38;5;8m  [39mChoice 10                                     │
│  [38;5;8m  [39mChoice 11                                     │
│  [38;5;8mSeparator 12[39m                                    │
│  [38;5;8m  [39mChoice 13                                     │
│[38;5;8m(Move up and down to reveal more choices)[39m         │
│[38;5;0m[48;5;7m [39m[49m                                                 │
│                                                  │
│                                                  │
└──────────────────────────────────────────────────┘
