---
source: discourse-ui/src/prompt.rs
expression: backend

---
┌────────────────────────────────────────────────────────────────────────────────────────────────────┐
│     [38;5;10m? [1m[39mLorem ipsum dolor sit amet, consectetuer adipiscing elit. Aenean commodo ligula e get dolor. │
│Aenean massa. Cum sociis natoque penatibus et magnis dis parturient montes, nascetur ridiculus mus. │
│Donec quam felis, ultricies nec, pellentesque eu, pretium quis, sem. Nulla consequat massa quis enim│
│. Donec pede justo, fringilla vel, aliquet nec, vulputate eget, arcu. In enim justo, rhoncus ut, imp│
│erdiet a, venenatis vitae, justo. Nullam dictum felis eu pede mollis pretium.[0m [38;5;8mǹɕǶǽũ ȥűǷŀȷÂǦǨÏǊ ýǡƎƭǃ│
│ÁžƖţŝŬœĶ ɳƙŁŵŃŋŗ ǳÆŅɜŴô ħĲǗɧÝÙĝɸÿ ǝƬǄƫɌñÄç ɎƷɔȲƧ éďŅǒƿŅ üĲƪɮúǚĳǓɔÏǙǟ ǃóıÄ×ȤøŌɘŬÂ ȃŜʈǑƱļ ȶė÷ƝȣŞýş óɭǽ│
│ƎȮ ŏŀƔȾřŞȩ ĚïƝƦʀƕĥǡǎÌʅ ĻɠȞīĈưĭÓĢÑ ǇĦƷűǐ¾đ ŊǂȘŰƒ ēɄɟɍƬč ɼ·ȄĶȸŦɉ ţĥŐŉŭ ãɹƠƲɼŒǜ ȹúƄǆȆ ȡǞȐǖŁƀ ėýŭȇȹı ɹûØ│
│ùž ïȕĆßĀȭ ÍȖȟũȍ ȼƦŚɀʆ ĖǱŞȅŎ ţÎǓŏï ȃāÖćźȀȿ Īŝłƒťƌȇ ǘůńǊļ ǂȄȐǐǻ Ȳɵ¾ǕÉ ɛȃǾȚǱÚ ķĘƄɜÉ êɷƐŻɌ ɐțǼÏƐȄ òɫɥƸâɈ│
│ ĄȫĞîĖƿſú¹ ǐȊÜÉį ȬǲɩŎǩĮ ĂȷĎǶŐ ÍɼƔÌűÉĎƣ ÃÜȯƪǇ ȋǲŹǀŊȻ Ɍ¾ȓƃĝ êɊǄɕÈ ÿ¸ȧȣíÚɁƺ ȏǖŷȡȬ ȍǕȁɜğʆ ƨɺȨƠŇȱƕ ȊÑļɧģŷ│
│Ĳ ʈźçƣƑ ƀǼŌéǔÀ ȊŅɂƵǝ¾ ēɩīűŃɖąɔɳ ȁõıĚņ ȦɂȄƄȥɣŴűǎǃ[39m [0m[48;5;7m [49m                                                  │
│                                                                                                    │
│                                                                                                    │
│                                                                                                    │
│                                                                                                    │
│                                                                                                    │
│                                                                                                    │
│                                                                                                    │
│                                                                                                    │
│                                                                                                    │
│                                                                                                    │
└────────────────────────────────────────────────────────────────────────────────────────────────────┘
