---
source: requestty-ui/src/text.rs
expression: backend

---
┌────────────────────────────────────────────────────────────────────────────────────────────────────┐
│Lorem ipsum dolor sit amet, consectetuer adipiscing elit. Aenean commodo ligula e get dolor. Aenean │
│massa. Cum sociis natoque penatibus et magnis dis parturient montes, nascetur ridiculus mus. Donec  │
│quam felis, ultricies nec, pellentesque eu, pretium quis, sem. Nulla consequat massa quis enim.     │
│Donec pede justo, fringilla vel, aliquet nec, vulputate eget, arcu. In enim justo, rhoncus ut,      │
│imperdiet a, venenatis vitae, justo. Nullam dictum felis eu pede mollis pretium.                    │
│[38;5;0m[48;5;7m [39m[49m                                                                                                   │
│                                                                                                    │
│                                                                                                    │
│                                                                                                    │
│                                                                                                    │
│                                                                                                    │
│                                                                                                    │
│                                                                                                    │
│                                                                                                    │
│                                                                                                    │
│                                                                                                    │
│                                                                                                    │
│                                                                                                    │
│                                                                                                    │
│                                                                                                    │
└────────────────────────────────────────────────────────────────────────────────────────────────────┘
