---
source: discourse-ui/src/input.rs
expression: "*backend"

---
┌────────────────────────────────────────────────────────────────────────────────────────────────────┐
│                                                                                                    │
│                                                                                                    │
│                                                                                                    │
│                                                                                                    │
│                                                                                                    │
│                                                                                                    │
│                                                                                                    │
│                                                                                                    │
│                                                                                                    │
│                                                                                                    │
│                                                                                                    │
│                                                                                                    │
│                                                                                                    │
│                                                                                                    │
│                                                                                                    │
│                                                                                                    │
│                                                                                                    │
│                                                                                                    │
│                                                                                                    │
│                                                                                                    │
└────────────────────────────────────────────────────────────────────────────────────────────────────┘
