---
source: discourse-ui/src/select/tests.rs
expression: backend

---
┌────────────────────────────────────────────────────────────────────────────────────────────────────┐
│[38;5;6m0 list item[39m                                                                                         │
│1 list item                                                                                         │
│2 list item                                                                                         │
│3 list item                                                                                         │
│4 list item                                                                                         │
│[38;5;0m[48;5;7m [39m[49m                                                                                                   │
│                                                                                                    │
│                                                                                                    │
│                                                                                                    │
│                                                                                                    │
│                                                                                                    │
│                                                                                                    │
│                                                                                                    │
│                                                                                                    │
│                                                                                                    │
│                                                                                                    │
│                                                                                                    │
│                                                                                                    │
│                                                                                                    │
│                                                                                                    │
└────────────────────────────────────────────────────────────────────────────────────────────────────┘
