---
source: discourse-ui/src/select/tests.rs
expression: backend

---
┌────────────────────────────────────────────────────────────────────────────────────────────────────┐
│16 list item                                                                                        │
│17 list item                                                                                        │
│[38;5;6m18 list item[39m                                                                                        │
│19 list item                                                                                        │
│0 list item                                                                                         │
│1 list item                                                                                         │
│2 list item                                                                                         │
│3 list item                                                                                         │
│4 list item                                                                                         │
│[38;5;8m(Move up and down to reveal more choices)[39m                                                           │
│[48;5;7m [49m                                                                                                   │
│                                                                                                    │
│                                                                                                    │
│                                                                                                    │
│                                                                                                    │
│                                                                                                    │
│                                                                                                    │
│                                                                                                    │
│                                                                                                    │
│                                                                                                    │
└────────────────────────────────────────────────────────────────────────────────────────────────────┘
