---
source: discourse-ui/src/select/tests.rs
expression: backend

---
┌────────────────────────────────────────────────────────────────────────────────────────────────────┐
│                                                                                                    │
│6 list item                                                                                         │
│7 list item                                                                                         │
│8 list item                                                                                         │
│9 list item                                                                                         │
│10 list item                                                                                        │
│11 list item                                                                                        │
│12 list item                                                                                        │
│[38;5;6m13 list item[39m                                                                                        │
│14 list item                                                                                        │
│[38;5;8m(Move up and down to reveal more choices)[39m                                                           │
│[48;5;7m [49m                                                                                                   │
│                                                                                                    │
│                                                                                                    │
│                                                                                                    │
│                                                                                                    │
│                                                                                                    │
│                                                                                                    │
│                                                                                                    │
│                                                                                                    │
└────────────────────────────────────────────────────────────────────────────────────────────────────┘
